// Jest Snapshot v1, https://goo.gl/fbAQLP

exports[`App renders correctly 1`] = `
<div
  class="App"
>
  <nav
    class="navbar navbar navbar-dark bg-dark"
  >
    <ul
      class="nav"
    >
      <li
        class="nav-item"
      >
        <a
          aria-current="page"
          class="nav-link active"
          href="/"
        >
          Home
        </a>
      </li>
      <li
        class="nav-item"
      >
        <a
          class="nav-link"
          href="/albumes"
        >
          Albumes
        </a>
      </li>
      <li
        class="nav-item"
      >
        <a
          class="nav-link"
          href="/about"
        >
          About
        </a>
      </li>
      <li
        class="nav-item"
      >
        <a
          class="nav-link"
          href="/login"
        >
          Login
        </a>
      </li>
    </ul>
    <form
      class="form-inline"
    >
      <input
        aria-label="Search"
        class="form-control mr-sm-2"
        placeholder="Search"
        type="search"
      />
      <button
        class="btn btn-outline-success my-2 my-sm-0"
        type="submit"
      >
        Search
      </button>
    </form>
  </nav>
  <div
    class="page"
  >
    <h1
      class="text-center"
    >
      Reactify
    </h1>
    <h2
      class="bg-secondary text-white text-center rounded m-3"
    >
      Canciones mas escuchadas
    </h2>
    <div
      class="songs-wrapper"
    >
      <div
        class="songs"
      />
    </div>
    <div
      class="clearfix"
    />
    <h2
      class="bg-secondary text-white text-center rounded m-3"
    >
      Albumes mas descargados
    </h2>
    <div />
  </div>
</div>
`;
